<html>
<body>
<pre>
<h1>µVision Build Log</h1>
<h2>Project:</h2>
D:\Keil\TExaSware\C2_Toggle_PF1\C2_Toggle_PF1.uvproj
Project File Date:  01/21/2019

<h2>Output:</h2>
Rebuild target 'C2_Toggle_PF1'
assembling startup.s...
compiling main.c...
main.c(53): warning:  #1-D: last line of file ends without a newline
  }
main.c: 1 warning, 0 errors
linking...
Program Size: Code=1168 RO-data=32 RW-data=4 ZI-data=1124  
".\C2_Toggle_PF1.axf" - 0 Error(s), 1 Warning(s).
Load "D:\\Keil\\TExaSware\\C2_Toggle_PF1\\C2_Toggle_PF1.axf" 
Connecting: Mode=JTAG, Speed=1000000Hz
Erase Done.
Programming Done.
Verify OK.
</pre>
</body>
</html>
rget DLL has been cancelled
Load "D:\\Keil\\TExaSware\\C2_Toggle_PF1\\C2_Toggle_PF1.axf" 
Connecting: Mode=JTAG, Speed=1000000Hz
Erase Done.
Programming Done.
Verify OK.
